// Jest Snapshot v1, https://jestjs.io/docs/snapshot-testing

exports[`test the result of the lint test lint result (webos-resulkt.html) 1`] = `
"<!DOCTYPE html>
<html>
<head>
<title>ilib-lint Result for webOS Apps</title>
<meta charset="UTF-8">
</head>
<body>
<p style="color:#714AFF;text-align:left;font-size:30px;font-weight:bold" width=300px;> [webOS-lint] Summary</p>
<table>
<thead>
<tr><td style="font-size:20px">Total Elapsed Time : </td>
<td style="font-size:20px;color:green;font-weight:bold">0.032seconds</td></tr>
<tr><td></td><td></td>
<td style="border-bottom:2px solid #ddd;"width=150px;>Average over</td>
<td style="border-bottom:2px solid #ddd;"width=150px;>Average over</td>
<td style="border-bottom:2px solid #ddd;"width=150px;>Average over</td>
</tr><tr>
<td></td><td style="border-bottom:2px solid #ddd;">Total</td>
<td style="border-bottom:2px solid #ddd;">11 Files</td>
<td style="border-bottom:2px solid #ddd;">21 Modules</td>
<td style="border-bottom:2px solid #ddd;">163 Lines</td></tr>
<tr>
<td style="border-bottom:2px solid #ddd;font-size:20px">Errors:</td>
<td style="border-bottom:2px solid #ddd;font-weight:bold;font-size:20px;color:red">11</td>
<td style="border-bottom:2px solid #ddd;">1              </td>
<td style="border-bottom:2px solid #ddd;">0.524          </td>
<td style="border-bottom:2px solid #ddd;">0.067          </td>
</tr><tr>
<td style="border-bottom:2px solid #ddd;font-size:20px">Warnings:</td>
<td style="border-bottom:2px solid #ddd;font-weight:bold;font-size:20px;color:orange">0</td>
<td style="border-bottom:2px solid #ddd;">0              </td>
<td style="border-bottom:2px solid #ddd;">0              </td>
<td style="border-bottom:2px solid #ddd;">0              </td>
</tr><tr>
<td>Suggestions:</td>
<td style="border-bottom:2px solid #ddd;">0</td>
<td style="border-bottom:2px solid #ddd;">0              </td>
<td style="border-bottom:2px solid #ddd;">0              </td>
<td style="border-bottom:2px solid #ddd;">0              </td>
</tr><tr>
<td style="border-bottom:2px solid #ddd;">I18N Score(0-100)</td>
<td style="border-bottom:2px solid #ddd;">27.632</td>
<td style="border-bottom:2px solid #ddd;"></td>
<td style="border-bottom:2px solid #ddd;"></td>
<td style="border-bottom:2px solid #ddd;"></td>
</tr>
</thead>
</table>
<br/>
<hr align="left" width="1100px"/>
<p style="color:#714AFF;text-align:left;font-size:30px;font-weight:bold" width=320px;>Detailed Information</p>
<table>
<thead>
<tr><th colspan="2" style=padding-left:8px;color:white;black;background-color:maroon;text-align:left;font-size:22px; width=280px;>[error]</th><th style="text-align:left"></th></tr>
<tr><td style="padding-left:8px;background:#eee;border-bottom:1px solid #ccc;border-top:1px solid #fff;text-align:left;color:Cadetblue;font-weight:bold">filepath</td><td style="background:#eee;border-bottom:1px solid #ccc;border-top:1px solid #fff;padding-left:8px;padding-right:30px;color:Cadetblue;font-weight:bold">sample-basic/de-DE.xliff</td></tr>
<tr><td style="padding-left:8px;background:#eee;border-bottom:1px solid #ccc;border-top:1px solid #fff;color:red; text-align:left">Descriptions</td><td style="background:#eee;border-bottom:1px solid #ccc;border-top:1px solid #fff;padding-left:8px;color:red;">URL 'http://www.box.com' from the source string does not appear in the target string</td></tr>
<tr><td style="padding-left:8px;background:#eee;border-bottom:1px solid #ccc;border-top:1px solid #fff;">key</td><td style="background:#eee;border-bottom:1px solid #ccc;border-top:1px solid #fff;padding-left:8px;padding-right:30px">This string has multiple URLs in it: http://www.box.com and http://www.google.com</td></tr>
<tr><td style="padding-left:8px;background:#eee;border-bottom:1px solid #ccc;border-top:1px solid #fff;">source</td><td style="background:#eee;border-bottom:1px solid #ccc;border-top:1px solid #fff;padding-left:8px;padding-right:30px">This string has multiple URLs in it: http://www.box.com and http://www.google.com</td></tr>
<tr><td style="padding-left:8px;background:#eee;border-bottom:1px solid #ccc;border-top:1px solid #fff;">target</td><td style="background:#eee;border-bottom:1px solid #ccc;border-top:1px solid #fff;padding-left:8px;padding-right:30px">Target: This string is missing one URL: http://www.google.com<span style="color:red"></span></td></tr>
<tr><td style="padding-left:8px;background:#eee;border-bottom:1px solid #ccc;border-top:1px solid #fff;padding-right:20px">resource-url-match</td><td style="background:#eee;border-bottom:1px solid #ccc;border-top:1px solid #fff;padding-left:8px;padding-right:30px">Ensure that URLs that appear in the source string are also used in the translated string</td></tr>
<tr><td style="padding-left:8px;background:#eee;border-bottom:1px solid #ccc;border-top:1px solid #fff;">More info</td><td style="background:#eee;border-bottom:1px solid #ccc;border-top:1px solid #fff;padding-left:8px;"><a href=https://github.com/iLib-js/ilib-mono/blob/main/packages/ilib-lint/docs/resource-url-match.md>https://github.com/iLib-js/ilib-mono/blob/main/packages/ilib-lint/docs/resource-url-match.md</td></tr>
<tr><td style="padding-left:8px;background:#eee;border-bottom:1px solid #ccc;border-top:1px solid #fff;">Auto-fix</td><td style="background:#eee;border-bottom:1px solid #ccc;border-top:1px solid #fff;padding-left:8px;">unavailable</td></tr>
<thead>
<table>
<br>
<table>
<thead>
<tr><th colspan="2" style=padding-left:8px;color:white;black;background-color:maroon;text-align:left;font-size:22px; width=280px;>[error]</th><th style="text-align:left"></th></tr>
<tr><td style="padding-left:8px;background:#eee;border-bottom:1px solid #ccc;border-top:1px solid #fff;text-align:left;color:Cadetblue;font-weight:bold">filepath</td><td style="background:#eee;border-bottom:1px solid #ccc;border-top:1px solid #fff;padding-left:8px;padding-right:30px;color:Cadetblue;font-weight:bold">sample-basic/de-DE.xliff</td></tr>
<tr><td style="padding-left:8px;background:#eee;border-bottom:1px solid #ccc;border-top:1px solid #fff;color:red; text-align:left">Descriptions</td><td style="background:#eee;border-bottom:1px solid #ccc;border-top:1px solid #fff;padding-left:8px;color:red;">The named parameter '{params}' from the source string does not appear in the target string</td></tr>
<tr><td style="padding-left:8px;background:#eee;border-bottom:1px solid #ccc;border-top:1px solid #fff;">key</td><td style="background:#eee;border-bottom:1px solid #ccc;border-top:1px solid #fff;padding-left:8px;padding-right:30px">This string has multiple {params} in it: {sub}</td></tr>
<tr><td style="padding-left:8px;background:#eee;border-bottom:1px solid #ccc;border-top:1px solid #fff;">source</td><td style="background:#eee;border-bottom:1px solid #ccc;border-top:1px solid #fff;padding-left:8px;padding-right:30px">This string has multiple {params} in it: {sub}</td></tr>
<tr><td style="padding-left:8px;background:#eee;border-bottom:1px solid #ccc;border-top:1px solid #fff;">target</td><td style="background:#eee;border-bottom:1px solid #ccc;border-top:1px solid #fff;padding-left:8px;padding-right:30px">Target: This string is missing one URL: {sub}<span style="color:red"></span></td></tr>
<tr><td style="padding-left:8px;background:#eee;border-bottom:1px solid #ccc;border-top:1px solid #fff;padding-right:20px">resource-named-params</td><td style="background:#eee;border-bottom:1px solid #ccc;border-top:1px solid #fff;padding-left:8px;padding-right:30px">Ensure that named parameters that appear in the source string are also used in the translated string</td></tr>
<tr><td style="padding-left:8px;background:#eee;border-bottom:1px solid #ccc;border-top:1px solid #fff;">More info</td><td style="background:#eee;border-bottom:1px solid #ccc;border-top:1px solid #fff;padding-left:8px;"><a href=https://github.com/iLib-js/ilib-mono/blob/main/packages/ilib-lint/docs/resource-named-params.md>https://github.com/iLib-js/ilib-mono/blob/main/packages/ilib-lint/docs/resource-named-params.md</td></tr>
<tr><td style="padding-left:8px;background:#eee;border-bottom:1px solid #ccc;border-top:1px solid #fff;">Auto-fix</td><td style="background:#eee;border-bottom:1px solid #ccc;border-top:1px solid #fff;padding-left:8px;">unavailable</td></tr>
<thead>
<table>
<br>
<table>
<thead>
<tr><th colspan="2" style=padding-left:8px;color:white;black;background-color:maroon;text-align:left;font-size:22px; width=280px;>[error]</th><th style="text-align:left"></th></tr>
<tr><td style="padding-left:8px;background:#eee;border-bottom:1px solid #ccc;border-top:1px solid #fff;text-align:left;color:Cadetblue;font-weight:bold">filepath</td><td style="background:#eee;border-bottom:1px solid #ccc;border-top:1px solid #fff;padding-left:8px;padding-right:30px;color:Cadetblue;font-weight:bold">sample-basic/ja-JP.xliff</td></tr>
<tr><td style="padding-left:8px;background:#eee;border-bottom:1px solid #ccc;border-top:1px solid #fff;color:red; text-align:left">Descriptions</td><td style="background:#eee;border-bottom:1px solid #ccc;border-top:1px solid #fff;padding-left:8px;color:red;">The named parameter '{totalSpace}' from the source string does not appear in the target string</td></tr>
<tr><td style="padding-left:8px;background:#eee;border-bottom:1px solid #ccc;border-top:1px solid #fff;">key</td><td style="background:#eee;border-bottom:1px solid #ccc;border-top:1px solid #fff;padding-left:8px;padding-right:30px">{freeSpace}{capaString} Free / {totalSpace}{capaString}</td></tr>
<tr><td style="padding-left:8px;background:#eee;border-bottom:1px solid #ccc;border-top:1px solid #fff;">source</td><td style="background:#eee;border-bottom:1px solid #ccc;border-top:1px solid #fff;padding-left:8px;padding-right:30px">{freeSpace}{capaString} Free / {totalSpace}{capaString}</td></tr>
<tr><td style="padding-left:8px;background:#eee;border-bottom:1px solid #ccc;border-top:1px solid #fff;">target</td><td style="background:#eee;border-bottom:1px solid #ccc;border-top:1px solid #fff;padding-left:8px;padding-right:30px">Target: {freeSpace}{capaString}空き/totalSpace}{capaString}<span style="color:red"></span></td></tr>
<tr><td style="padding-left:8px;background:#eee;border-bottom:1px solid #ccc;border-top:1px solid #fff;padding-right:20px">resource-named-params</td><td style="background:#eee;border-bottom:1px solid #ccc;border-top:1px solid #fff;padding-left:8px;padding-right:30px">Ensure that named parameters that appear in the source string are also used in the translated string</td></tr>
<tr><td style="padding-left:8px;background:#eee;border-bottom:1px solid #ccc;border-top:1px solid #fff;">More info</td><td style="background:#eee;border-bottom:1px solid #ccc;border-top:1px solid #fff;padding-left:8px;"><a href=https://github.com/iLib-js/ilib-mono/blob/main/packages/ilib-lint/docs/resource-named-params.md>https://github.com/iLib-js/ilib-mono/blob/main/packages/ilib-lint/docs/resource-named-params.md</td></tr>
<tr><td style="padding-left:8px;background:#eee;border-bottom:1px solid #ccc;border-top:1px solid #fff;">Auto-fix</td><td style="background:#eee;border-bottom:1px solid #ccc;border-top:1px solid #fff;padding-left:8px;">unavailable</td></tr>
<thead>
<table>
<br>
<table>
<thead>
<tr><th colspan="2" style=padding-left:8px;color:white;black;background-color:maroon;text-align:left;font-size:22px; width=280px;>[error]</th><th style="text-align:left"></th></tr>
<tr><td style="padding-left:8px;background:#eee;border-bottom:1px solid #ccc;border-top:1px solid #fff;text-align:left;color:Cadetblue;font-weight:bold">filepath</td><td style="background:#eee;border-bottom:1px solid #ccc;border-top:1px solid #fff;padding-left:8px;padding-right:30px;color:Cadetblue;font-weight:bold">sample-basic/ko-KR.xliff</td></tr>
<tr><td style="padding-left:8px;background:#eee;border-bottom:1px solid #ccc;border-top:1px solid #fff;color:red; text-align:left">Descriptions</td><td style="background:#eee;border-bottom:1px solid #ccc;border-top:1px solid #fff;padding-left:8px;color:red;">The named parameter '{num}' from the source string does not appear in the target string</td></tr>
<tr><td style="padding-left:8px;background:#eee;border-bottom:1px solid #ccc;border-top:1px solid #fff;">key</td><td style="background:#eee;border-bottom:1px solid #ccc;border-top:1px solid #fff;padding-left:8px;padding-right:30px">{num} Hz Booster</td></tr>
<tr><td style="padding-left:8px;background:#eee;border-bottom:1px solid #ccc;border-top:1px solid #fff;">source</td><td style="background:#eee;border-bottom:1px solid #ccc;border-top:1px solid #fff;padding-left:8px;padding-right:30px">{num} Hz Booster</td></tr>
<tr><td style="padding-left:8px;background:#eee;border-bottom:1px solid #ccc;border-top:1px solid #fff;">target</td><td style="background:#eee;border-bottom:1px solid #ccc;border-top:1px solid #fff;padding-left:8px;padding-right:30px">Target: 144 Hz 부스터<span style="color:red"></span></td></tr>
<tr><td style="padding-left:8px;background:#eee;border-bottom:1px solid #ccc;border-top:1px solid #fff;padding-right:20px">resource-named-params</td><td style="background:#eee;border-bottom:1px solid #ccc;border-top:1px solid #fff;padding-left:8px;padding-right:30px">Ensure that named parameters that appear in the source string are also used in the translated string</td></tr>
<tr><td style="padding-left:8px;background:#eee;border-bottom:1px solid #ccc;border-top:1px solid #fff;">More info</td><td style="background:#eee;border-bottom:1px solid #ccc;border-top:1px solid #fff;padding-left:8px;"><a href=https://github.com/iLib-js/ilib-mono/blob/main/packages/ilib-lint/docs/resource-named-params.md>https://github.com/iLib-js/ilib-mono/blob/main/packages/ilib-lint/docs/resource-named-params.md</td></tr>
<tr><td style="padding-left:8px;background:#eee;border-bottom:1px solid #ccc;border-top:1px solid #fff;">Auto-fix</td><td style="background:#eee;border-bottom:1px solid #ccc;border-top:1px solid #fff;padding-left:8px;">unavailable</td></tr>
<thead>
<table>
<br>
<table>
<thead>
<tr><th colspan="2" style=padding-left:8px;color:white;black;background-color:maroon;text-align:left;font-size:22px; width=280px;>[error]</th><th style="text-align:left"></th></tr>
<tr><td style="padding-left:8px;background:#eee;border-bottom:1px solid #ccc;border-top:1px solid #fff;text-align:left;color:Cadetblue;font-weight:bold">filepath</td><td style="background:#eee;border-bottom:1px solid #ccc;border-top:1px solid #fff;padding-left:8px;padding-right:30px;color:Cadetblue;font-weight:bold">sample-basic/ko-KR.xliff</td></tr>
<tr><td style="padding-left:8px;background:#eee;border-bottom:1px solid #ccc;border-top:1px solid #fff;color:red; text-align:left">Descriptions</td><td style="background:#eee;border-bottom:1px solid #ccc;border-top:1px solid #fff;padding-left:8px;color:red;">Missing target string in resource</td></tr>
<tr><td style="padding-left:8px;background:#eee;border-bottom:1px solid #ccc;border-top:1px solid #fff;">key</td><td style="background:#eee;border-bottom:1px solid #ccc;border-top:1px solid #fff;padding-left:8px;padding-right:30px">{%1} mimute(s)</td></tr>
<tr><td style="padding-left:8px;background:#eee;border-bottom:1px solid #ccc;border-top:1px solid #fff;">source</td><td style="background:#eee;border-bottom:1px solid #ccc;border-top:1px solid #fff;padding-left:8px;padding-right:30px">{%1} mimute(s)</td></tr>
<tr><td style="padding-left:8px;background:#eee;border-bottom:1px solid #ccc;border-top:1px solid #fff;">target</td><td style="background:#eee;border-bottom:1px solid #ccc;border-top:1px solid #fff;padding-left:8px;padding-right:30px"></td></tr>
<tr><td style="padding-left:8px;background:#eee;border-bottom:1px solid #ccc;border-top:1px solid #fff;padding-right:20px">resource-completeness</td><td style="background:#eee;border-bottom:1px solid #ccc;border-top:1px solid #fff;padding-left:8px;padding-right:30px">Ensure that resources are complete, i.e. have both source and target elements.</td></tr>
<tr><td style="padding-left:8px;background:#eee;border-bottom:1px solid #ccc;border-top:1px solid #fff;">More info</td><td style="background:#eee;border-bottom:1px solid #ccc;border-top:1px solid #fff;padding-left:8px;"><a href=https://github.com/iLib-js/ilib-mono/blob/main/packages/ilib-lint/docs/resource-completeness.md>https://github.com/iLib-js/ilib-mono/blob/main/packages/ilib-lint/docs/resource-completeness.md</td></tr>
<tr><td style="padding-left:8px;background:#eee;border-bottom:1px solid #ccc;border-top:1px solid #fff;">Auto-fix</td><td style="background:#eee;border-bottom:1px solid #ccc;border-top:1px solid #fff;padding-left:8px;">unavailable</td></tr>
<thead>
<table>
<br>
<table>
<thead>
<tr><th colspan="2" style=padding-left:8px;color:white;black;background-color:maroon;text-align:left;font-size:22px; width=280px;>[error]</th><th style="text-align:left"></th></tr>
<tr><td style="padding-left:8px;background:#eee;border-bottom:1px solid #ccc;border-top:1px solid #fff;text-align:left;color:Cadetblue;font-weight:bold">filepath</td><td style="background:#eee;border-bottom:1px solid #ccc;border-top:1px solid #fff;padding-left:8px;padding-right:30px;color:Cadetblue;font-weight:bold">sample-basic/ko-KR.xliff</td></tr>
<tr><td style="padding-left:8px;background:#eee;border-bottom:1px solid #ccc;border-top:1px solid #fff;color:red; text-align:left">Descriptions</td><td style="background:#eee;border-bottom:1px solid #ccc;border-top:1px solid #fff;padding-left:8px;color:red;">Missing target string in resource</td></tr>
<tr><td style="padding-left:8px;background:#eee;border-bottom:1px solid #ccc;border-top:1px solid #fff;">key</td><td style="background:#eee;border-bottom:1px solid #ccc;border-top:1px solid #fff;padding-left:8px;padding-right:30px">{%1} second(s)</td></tr>
<tr><td style="padding-left:8px;background:#eee;border-bottom:1px solid #ccc;border-top:1px solid #fff;">source</td><td style="background:#eee;border-bottom:1px solid #ccc;border-top:1px solid #fff;padding-left:8px;padding-right:30px">{%1} second(s)</td></tr>
<tr><td style="padding-left:8px;background:#eee;border-bottom:1px solid #ccc;border-top:1px solid #fff;">target</td><td style="background:#eee;border-bottom:1px solid #ccc;border-top:1px solid #fff;padding-left:8px;padding-right:30px"></td></tr>
<tr><td style="padding-left:8px;background:#eee;border-bottom:1px solid #ccc;border-top:1px solid #fff;padding-right:20px">resource-completeness</td><td style="background:#eee;border-bottom:1px solid #ccc;border-top:1px solid #fff;padding-left:8px;padding-right:30px">Ensure that resources are complete, i.e. have both source and target elements.</td></tr>
<tr><td style="padding-left:8px;background:#eee;border-bottom:1px solid #ccc;border-top:1px solid #fff;">More info</td><td style="background:#eee;border-bottom:1px solid #ccc;border-top:1px solid #fff;padding-left:8px;"><a href=https://github.com/iLib-js/ilib-mono/blob/main/packages/ilib-lint/docs/resource-completeness.md>https://github.com/iLib-js/ilib-mono/blob/main/packages/ilib-lint/docs/resource-completeness.md</td></tr>
<tr><td style="padding-left:8px;background:#eee;border-bottom:1px solid #ccc;border-top:1px solid #fff;">Auto-fix</td><td style="background:#eee;border-bottom:1px solid #ccc;border-top:1px solid #fff;padding-left:8px;">unavailable</td></tr>
<thead>
<table>
<br>
<table>
<thead>
<tr><th colspan="2" style=padding-left:8px;color:white;black;background-color:maroon;text-align:left;font-size:22px; width=280px;>[error]</th><th style="text-align:left"></th></tr>
<tr><td style="padding-left:8px;background:#eee;border-bottom:1px solid #ccc;border-top:1px solid #fff;text-align:left;color:Cadetblue;font-weight:bold">filepath</td><td style="background:#eee;border-bottom:1px solid #ccc;border-top:1px solid #fff;padding-left:8px;padding-right:30px;color:Cadetblue;font-weight:bold">sample-rs-edge-whitespace/am-ET.xliff</td></tr>
<tr><td style="padding-left:8px;background:#eee;border-bottom:1px solid #ccc;border-top:1px solid #fff;color:red; text-align:left">Descriptions</td><td style="background:#eee;border-bottom:1px solid #ccc;border-top:1px solid #fff;padding-left:8px;color:red;">Trailing whitespace in target does not match trailing whitespace in source</td></tr>
<tr><td style="padding-left:8px;background:#eee;border-bottom:1px solid #ccc;border-top:1px solid #fff;">key</td><td style="background:#eee;border-bottom:1px solid #ccc;border-top:1px solid #fff;padding-left:8px;padding-right:30px">You can use your Magic Remote to determine the room’s acoustics and optimize your TV’s sound quality based on the results.</td></tr>
<tr><td style="padding-left:8px;background:#eee;border-bottom:1px solid #ccc;border-top:1px solid #fff;">source</td><td style="background:#eee;border-bottom:1px solid #ccc;border-top:1px solid #fff;padding-left:8px;padding-right:30px">You can use your Magic Remote to determine the room’s acoustics and optimize your TV’s sound quality based on the results.</td></tr>
<tr><td style="padding-left:8px;background:#eee;border-bottom:1px solid #ccc;border-top:1px solid #fff;">target</td><td style="background:#eee;border-bottom:1px solid #ccc;border-top:1px solid #fff;padding-left:8px;padding-right:30px">Source: …lts.<span style="color:red"></span> Target: …ላሉ፡፡<span style="color:red">⎵</span></td></tr>
<tr><td style="padding-left:8px;background:#eee;border-bottom:1px solid #ccc;border-top:1px solid #fff;padding-right:20px">resource-edge-whitespace</td><td style="background:#eee;border-bottom:1px solid #ccc;border-top:1px solid #fff;padding-left:8px;padding-right:30px">Ensure that if there are whitespaces on edges of source string, matching ones are there in target as well</td></tr>
<tr><td style="padding-left:8px;background:#eee;border-bottom:1px solid #ccc;border-top:1px solid #fff;">More info</td><td style="background:#eee;border-bottom:1px solid #ccc;border-top:1px solid #fff;padding-left:8px;"><a href=https://github.com/iLib-js/ilib-mono/blob/main/packages/ilib-lint/docs/resource-edge-whitespace.md>https://github.com/iLib-js/ilib-mono/blob/main/packages/ilib-lint/docs/resource-edge-whitespace.md</td></tr>
<tr><td style="padding-left:8px;background:#eee;border-bottom:1px solid #ccc;border-top:1px solid #fff;">Auto-fix</td><td style="background:#eee;border-bottom:1px solid #ccc;border-top:1px solid #fff;padding-left:8px;">true</td></tr>
<thead>
<table>
<br>
<table>
<thead>
<tr><th colspan="2" style=padding-left:8px;color:white;black;background-color:maroon;text-align:left;font-size:22px; width=280px;>[error]</th><th style="text-align:left"></th></tr>
<tr><td style="padding-left:8px;background:#eee;border-bottom:1px solid #ccc;border-top:1px solid #fff;text-align:left;color:Cadetblue;font-weight:bold">filepath</td><td style="background:#eee;border-bottom:1px solid #ccc;border-top:1px solid #fff;padding-left:8px;padding-right:30px;color:Cadetblue;font-weight:bold">sample-rs-edge-whitespace/zh-Hans-CN.xliff</td></tr>
<tr><td style="padding-left:8px;background:#eee;border-bottom:1px solid #ccc;border-top:1px solid #fff;color:red; text-align:left">Descriptions</td><td style="background:#eee;border-bottom:1px solid #ccc;border-top:1px solid #fff;padding-left:8px;color:red;">Trailing whitespace in target does not match trailing whitespace in source</td></tr>
<tr><td style="padding-left:8px;background:#eee;border-bottom:1px solid #ccc;border-top:1px solid #fff;">key</td><td style="background:#eee;border-bottom:1px solid #ccc;border-top:1px solid #fff;padding-left:8px;padding-right:30px">Select your remote's cursor speed and appearance.</td></tr>
<tr><td style="padding-left:8px;background:#eee;border-bottom:1px solid #ccc;border-top:1px solid #fff;">source</td><td style="background:#eee;border-bottom:1px solid #ccc;border-top:1px solid #fff;padding-left:8px;padding-right:30px">Select your remote's cursor speed and appearance.</td></tr>
<tr><td style="padding-left:8px;background:#eee;border-bottom:1px solid #ccc;border-top:1px solid #fff;">target</td><td style="background:#eee;border-bottom:1px solid #ccc;border-top:1px solid #fff;padding-left:8px;padding-right:30px">Source: …nce.<span style="color:red"></span> Target: …和外观。<span style="color:red">⎵⎵</span></td></tr>
<tr><td style="padding-left:8px;background:#eee;border-bottom:1px solid #ccc;border-top:1px solid #fff;padding-right:20px">resource-edge-whitespace</td><td style="background:#eee;border-bottom:1px solid #ccc;border-top:1px solid #fff;padding-left:8px;padding-right:30px">Ensure that if there are whitespaces on edges of source string, matching ones are there in target as well</td></tr>
<tr><td style="padding-left:8px;background:#eee;border-bottom:1px solid #ccc;border-top:1px solid #fff;">More info</td><td style="background:#eee;border-bottom:1px solid #ccc;border-top:1px solid #fff;padding-left:8px;"><a href=https://github.com/iLib-js/ilib-mono/blob/main/packages/ilib-lint/docs/resource-edge-whitespace.md>https://github.com/iLib-js/ilib-mono/blob/main/packages/ilib-lint/docs/resource-edge-whitespace.md</td></tr>
<tr><td style="padding-left:8px;background:#eee;border-bottom:1px solid #ccc;border-top:1px solid #fff;">Auto-fix</td><td style="background:#eee;border-bottom:1px solid #ccc;border-top:1px solid #fff;padding-left:8px;">true</td></tr>
<thead>
<table>
<br>
<table>
<thead>
<tr><th colspan="2" style=padding-left:8px;color:white;black;background-color:maroon;text-align:left;font-size:22px; width=280px;>[error]</th><th style="text-align:left"></th></tr>
<tr><td style="padding-left:8px;background:#eee;border-bottom:1px solid #ccc;border-top:1px solid #fff;text-align:left;color:Cadetblue;font-weight:bold">filepath</td><td style="background:#eee;border-bottom:1px solid #ccc;border-top:1px solid #fff;padding-left:8px;padding-right:30px;color:Cadetblue;font-weight:bold">sample-rs-edge-whitespace/zh-Hans-CN.xliff</td></tr>
<tr><td style="padding-left:8px;background:#eee;border-bottom:1px solid #ccc;border-top:1px solid #fff;color:red; text-align:left">Descriptions</td><td style="background:#eee;border-bottom:1px solid #ccc;border-top:1px solid #fff;padding-left:8px;color:red;">Leading whitespace in target does not match leading whitespace in source</td></tr>
<tr><td style="padding-left:8px;background:#eee;border-bottom:1px solid #ccc;border-top:1px solid #fff;">key</td><td style="background:#eee;border-bottom:1px solid #ccc;border-top:1px solid #fff;padding-left:8px;padding-right:30px">press OK button to go to next menu</td></tr>
<tr><td style="padding-left:8px;background:#eee;border-bottom:1px solid #ccc;border-top:1px solid #fff;">source</td><td style="background:#eee;border-bottom:1px solid #ccc;border-top:1px solid #fff;padding-left:8px;padding-right:30px">press OK button to go to next menu</td></tr>
<tr><td style="padding-left:8px;background:#eee;border-bottom:1px solid #ccc;border-top:1px solid #fff;">target</td><td style="background:#eee;border-bottom:1px solid #ccc;border-top:1px solid #fff;padding-left:8px;padding-right:30px">Source: <span style="color:red"></span>pres… Target: <span style="color:red">⎵⎵</span>按“确定…</td></tr>
<tr><td style="padding-left:8px;background:#eee;border-bottom:1px solid #ccc;border-top:1px solid #fff;padding-right:20px">resource-edge-whitespace</td><td style="background:#eee;border-bottom:1px solid #ccc;border-top:1px solid #fff;padding-left:8px;padding-right:30px">Ensure that if there are whitespaces on edges of source string, matching ones are there in target as well</td></tr>
<tr><td style="padding-left:8px;background:#eee;border-bottom:1px solid #ccc;border-top:1px solid #fff;">More info</td><td style="background:#eee;border-bottom:1px solid #ccc;border-top:1px solid #fff;padding-left:8px;"><a href=https://github.com/iLib-js/ilib-mono/blob/main/packages/ilib-lint/docs/resource-edge-whitespace.md>https://github.com/iLib-js/ilib-mono/blob/main/packages/ilib-lint/docs/resource-edge-whitespace.md</td></tr>
<tr><td style="padding-left:8px;background:#eee;border-bottom:1px solid #ccc;border-top:1px solid #fff;">Auto-fix</td><td style="background:#eee;border-bottom:1px solid #ccc;border-top:1px solid #fff;padding-left:8px;">true</td></tr>
<thead>
<table>
<br>
<table>
<thead>
<tr><th colspan="2" style=padding-left:8px;color:white;black;background-color:maroon;text-align:left;font-size:22px; width=280px;>[error]</th><th style="text-align:left"></th></tr>
<tr><td style="padding-left:8px;background:#eee;border-bottom:1px solid #ccc;border-top:1px solid #fff;text-align:left;color:Cadetblue;font-weight:bold">filepath</td><td style="background:#eee;border-bottom:1px solid #ccc;border-top:1px solid #fff;padding-left:8px;padding-right:30px;color:Cadetblue;font-weight:bold">sample-rs-edge-whitespace/zh-Hans-CN.xliff</td></tr>
<tr><td style="padding-left:8px;background:#eee;border-bottom:1px solid #ccc;border-top:1px solid #fff;color:red; text-align:left">Descriptions</td><td style="background:#eee;border-bottom:1px solid #ccc;border-top:1px solid #fff;padding-left:8px;color:red;">Trailing whitespace in target does not match trailing whitespace in source</td></tr>
<tr><td style="padding-left:8px;background:#eee;border-bottom:1px solid #ccc;border-top:1px solid #fff;">key</td><td style="background:#eee;border-bottom:1px solid #ccc;border-top:1px solid #fff;padding-left:8px;padding-right:30px">press OK button to go to next menu</td></tr>
<tr><td style="padding-left:8px;background:#eee;border-bottom:1px solid #ccc;border-top:1px solid #fff;">source</td><td style="background:#eee;border-bottom:1px solid #ccc;border-top:1px solid #fff;padding-left:8px;padding-right:30px">press OK button to go to next menu</td></tr>
<tr><td style="padding-left:8px;background:#eee;border-bottom:1px solid #ccc;border-top:1px solid #fff;">target</td><td style="background:#eee;border-bottom:1px solid #ccc;border-top:1px solid #fff;padding-left:8px;padding-right:30px">Source: …menu<span style="color:red"></span> Target: …一个菜单<span style="color:red">⎵</span></td></tr>
<tr><td style="padding-left:8px;background:#eee;border-bottom:1px solid #ccc;border-top:1px solid #fff;padding-right:20px">resource-edge-whitespace</td><td style="background:#eee;border-bottom:1px solid #ccc;border-top:1px solid #fff;padding-left:8px;padding-right:30px">Ensure that if there are whitespaces on edges of source string, matching ones are there in target as well</td></tr>
<tr><td style="padding-left:8px;background:#eee;border-bottom:1px solid #ccc;border-top:1px solid #fff;">More info</td><td style="background:#eee;border-bottom:1px solid #ccc;border-top:1px solid #fff;padding-left:8px;"><a href=https://github.com/iLib-js/ilib-mono/blob/main/packages/ilib-lint/docs/resource-edge-whitespace.md>https://github.com/iLib-js/ilib-mono/blob/main/packages/ilib-lint/docs/resource-edge-whitespace.md</td></tr>
<tr><td style="padding-left:8px;background:#eee;border-bottom:1px solid #ccc;border-top:1px solid #fff;">Auto-fix</td><td style="background:#eee;border-bottom:1px solid #ccc;border-top:1px solid #fff;padding-left:8px;">true</td></tr>
<thead>
<table>
<br>
<table>
<thead>
<tr><th colspan="2" style=padding-left:8px;color:white;black;background-color:maroon;text-align:left;font-size:22px; width=280px;>[error]</th><th style="text-align:left"></th></tr>
<tr><td style="padding-left:8px;background:#eee;border-bottom:1px solid #ccc;border-top:1px solid #fff;text-align:left;color:Cadetblue;font-weight:bold">filepath</td><td style="background:#eee;border-bottom:1px solid #ccc;border-top:1px solid #fff;padding-left:8px;padding-right:30px;color:Cadetblue;font-weight:bold">sample-rs-edge-whitespace/zh-Hans-CN.xliff</td></tr>
<tr><td style="padding-left:8px;background:#eee;border-bottom:1px solid #ccc;border-top:1px solid #fff;color:red; text-align:left">Descriptions</td><td style="background:#eee;border-bottom:1px solid #ccc;border-top:1px solid #fff;padding-left:8px;color:red;">Leading whitespace in target does not match leading whitespace in source</td></tr>
<tr><td style="padding-left:8px;background:#eee;border-bottom:1px solid #ccc;border-top:1px solid #fff;">key</td><td style="background:#eee;border-bottom:1px solid #ccc;border-top:1px solid #fff;padding-left:8px;padding-right:30px">If the image isn't clear, select another pattern until the picture improves.</td></tr>
<tr><td style="padding-left:8px;background:#eee;border-bottom:1px solid #ccc;border-top:1px solid #fff;">source</td><td style="background:#eee;border-bottom:1px solid #ccc;border-top:1px solid #fff;padding-left:8px;padding-right:30px">If the image isn't clear, select another pattern until the picture improves.</td></tr>
<tr><td style="padding-left:8px;background:#eee;border-bottom:1px solid #ccc;border-top:1px solid #fff;">target</td><td style="background:#eee;border-bottom:1px solid #ccc;border-top:1px solid #fff;padding-left:8px;padding-right:30px">Source: <span style="color:red"></span>If t… Target: <span style="color:red">⎵⎵</span>如果图像…</td></tr>
<tr><td style="padding-left:8px;background:#eee;border-bottom:1px solid #ccc;border-top:1px solid #fff;padding-right:20px">resource-edge-whitespace</td><td style="background:#eee;border-bottom:1px solid #ccc;border-top:1px solid #fff;padding-left:8px;padding-right:30px">Ensure that if there are whitespaces on edges of source string, matching ones are there in target as well</td></tr>
<tr><td style="padding-left:8px;background:#eee;border-bottom:1px solid #ccc;border-top:1px solid #fff;">More info</td><td style="background:#eee;border-bottom:1px solid #ccc;border-top:1px solid #fff;padding-left:8px;"><a href=https://github.com/iLib-js/ilib-mono/blob/main/packages/ilib-lint/docs/resource-edge-whitespace.md>https://github.com/iLib-js/ilib-mono/blob/main/packages/ilib-lint/docs/resource-edge-whitespace.md</td></tr>
<tr><td style="padding-left:8px;background:#eee;border-bottom:1px solid #ccc;border-top:1px solid #fff;">Auto-fix</td><td style="background:#eee;border-bottom:1px solid #ccc;border-top:1px solid #fff;padding-left:8px;">true</td></tr>
<thead>
<table>
<br>
</body>
</html>
"
`;
